#-----------------------------------------------------------
# Vivado v2020.2 (64-bit)
# SW Build 3064766 on Wed Nov 18 09:12:45 MST 2020
# IP Build 3064653 on Wed Nov 18 14:17:31 MST 2020
# Start of session at: Sat May  8 02:05:49 2021
# Process ID: 11016
# Current directory: C:/Users/T480/Desktop/Lab2
# Command line: vivado.exe -gui_launcher_event rodinguilauncherevent10172 C:\Users\T480\Desktop\Lab2\Lab2.xpr
# Log file: C:/Users/T480/Desktop/Lab2/vivado.log
# Journal file: C:/Users/T480/Desktop/Lab2\vivado.jou
#-----------------------------------------------------------
start_gui
open_project C:/Users/T480/Desktop/Lab2/Lab2.xpr
update_compile_order -fileset sources_1
launch_simulation
source TestBench.tcl
close_sim
launch_simulation
source TestBench.tcl
close_sim
launch_simulation
launch_simulation
source TestBench.tcl
close_sim
launch_simulation
source TestBench.tcl
close_sim
launch_simulation
source TestBench.tcl
close_sim
launch_simulation
source TestBench.tcl
close_sim
launch_simulation
source TestBench.tcl
close_sim
launch_simulation
source TestBench.tcl
close_sim
launch_simulation
source TestBench.tcl
close_sim
launch_simulation
launch_simulation
source TestBench.tcl
close_sim
launch_simulation
source TestBench.tcl
close_sim
launch_simulation
source TestBench.tcl
close_sim
launch_simulation
source TestBench.tcl
close_sim
launch_simulation
source TestBench.tcl
close_sim
launch_simulation
launch_simulation
source TestBench.tcl
close_sim
